0 verbose cli C:\Program Files\nodejs\node.exe C:\Users\jazel\AppData\Roaming\npm\node_modules\npm\bin\npm-cli.js
1 info using npm@10.8.2
2 info using node@v20.11.1
3 silly config load:file:C:\Users\jazel\AppData\Roaming\npm\node_modules\npm\npmrc
4 silly config load:file:C:\Users\jazel\Desktop\PROGRAM CAPSTONE\Epicenter\epicenter_system\.npmrc
5 silly config load:file:C:\Users\jazel\.npmrc
6 silly config load:file:C:\Users\jazel\AppData\Roaming\npm\etc\npmrc
7 verbose title npm install
8 verbose argv "install" "--cache" "--legacy-peer-deps"
9 verbose logfile logs-max:10 dir:C:\Users\jazel\Desktop\PROGRAM CAPSTONE\Epicenter\epicenter_system\--legacy-peer-deps\_logs\2024-08-23T04_12_28_788Z-
10 verbose logfile C:\Users\jazel\Desktop\PROGRAM CAPSTONE\Epicenter\epicenter_system\--legacy-peer-deps\_logs\2024-08-23T04_12_28_788Z-debug-0.log
11 silly packumentCache heap:4345298944 maxSize:1086324736 maxEntrySize:543162368
12 silly logfile done cleaning log files
13 silly idealTree buildDeps
14 silly fetch manifest react-router@^5.0.1
15 silly packumentCache full:https://registry.npmjs.org/react-router cache-miss
16 http fetch GET 200 https://registry.npmjs.org/npm 1222ms
17 http fetch GET 200 https://registry.npmjs.org/react-router 553ms (cache miss)
18 silly packumentCache full:https://registry.npmjs.org/react-router set size:undefined disposed:false
19 silly fetch manifest react@>=16.8.6
20 silly packumentCache full:https://registry.npmjs.org/react cache-miss
21 http fetch GET 200 https://registry.npmjs.org/react 374ms (cache miss)
22 silly packumentCache full:https://registry.npmjs.org/react set size:undefined disposed:false
23 silly fetch manifest react-router-dom@^5.0.1
24 silly packumentCache full:https://registry.npmjs.org/react-router-dom cache-miss
25 http fetch GET 200 https://registry.npmjs.org/react-router-dom 182ms (cache miss)
26 silly packumentCache full:https://registry.npmjs.org/react-router-dom set size:undefined disposed:false
27 silly placeDep ROOT react-router@5.3.4 OK for: @ionic/react-router@8.2.7 want: ^5.0.1
28 verbose stack Error: could not resolve
28 verbose stack     at PlaceDep.failPeerConflict (C:\Users\jazel\AppData\Roaming\npm\node_modules\npm\node_modules\@npmcli\arborist\lib\place-dep.js:503:25)
28 verbose stack     at new PlaceDep (C:\Users\jazel\AppData\Roaming\npm\node_modules\npm\node_modules\@npmcli\arborist\lib\place-dep.js:157:21)
28 verbose stack     at #buildDepStep (C:\Users\jazel\AppData\Roaming\npm\node_modules\npm\node_modules\@npmcli\arborist\lib\arborist\build-ideal-tree.js:917:18)
28 verbose stack     at async Arborist.buildIdealTree (C:\Users\jazel\AppData\Roaming\npm\node_modules\npm\node_modules\@npmcli\arborist\lib\arborist\build-ideal-tree.js:181:7)
28 verbose stack     at async Promise.all (index 1)
28 verbose stack     at async Arborist.reify (C:\Users\jazel\AppData\Roaming\npm\node_modules\npm\node_modules\@npmcli\arborist\lib\arborist\reify.js:131:5)
28 verbose stack     at async Install.exec (C:\Users\jazel\AppData\Roaming\npm\node_modules\npm\lib\commands\install.js:150:5)
28 verbose stack     at async Npm.exec (C:\Users\jazel\AppData\Roaming\npm\node_modules\npm\lib\npm.js:207:9)
28 verbose stack     at async module.exports (C:\Users\jazel\AppData\Roaming\npm\node_modules\npm\lib\cli\entry.js:74:5)
29 error code ERESOLVE
30 error ERESOLVE could not resolve
31 error
32 error While resolving: @ionic/react-router@8.2.7
32 error Found: react-router-dom@6.26.1[2m[22m
32 error [2mnode_modules/react-router-dom[22m
32 error   react-router-dom@"^6.26.1" from the root project
32 error
32 error Could not resolve dependency:
32 error [95mpeer[39m react-router-dom@"^5.0.1" from @ionic/react-router@8.2.7[2m[22m
32 error [2mnode_modules/@ionic/react-router[22m
32 error   @ionic/react-router@"^8.2.7" from the root project
32 error
32 error Conflicting peer dependency: react-router-dom@5.3.4[2m[22m
32 error [2mnode_modules/react-router-dom[22m
32 error   [95mpeer[39m react-router-dom@"^5.0.1" from @ionic/react-router@8.2.7[2m[22m
32 error   [2mnode_modules/@ionic/react-router[22m
32 error     @ionic/react-router@"^8.2.7" from the root project
32 error
32 error Fix the upstream dependency conflict, or retry
32 error this command with --force or --legacy-peer-deps
32 error to accept an incorrect (and potentially broken) dependency resolution.
33 error
33 error
33 error For a full report see:
33 error C:\Users\jazel\Desktop\PROGRAM CAPSTONE\Epicenter\epicenter_system\--legacy-peer-deps\_logs\2024-08-23T04_12_28_788Z-eresolve-report.txt
34 silly unfinished npm timer reify 1724386349185
35 silly unfinished npm timer reify:loadTrees 1724386349234
36 silly unfinished npm timer idealTree:buildDeps 1724386349889
37 silly unfinished npm timer idealTree:node_modules/@ionic/react-router 1724386349891
38 verbose cwd C:\Users\jazel\Desktop\PROGRAM CAPSTONE\Epicenter\epicenter_system
39 verbose os Windows_NT 10.0.19045
40 verbose node v20.11.1
41 verbose npm  v10.8.2
42 verbose exit 1
43 verbose code 1
44 error A complete log of this run can be found in: C:\Users\jazel\Desktop\PROGRAM CAPSTONE\Epicenter\epicenter_system\--legacy-peer-deps\_logs\2024-08-23T04_12_28_788Z-debug-0.log
